// Jest Snapshot v1, https://goo.gl/fbAQLP

exports[`Button snapshot works 1`] = `
<button
  className=""
/>
`;
